{
  "type": "integer",
  "description": "DefinedAsRemoteType is defined by another definition"
}
