{
  "type": "array",
  "description": "SliceOfNamedType is a slice of a named type",
  "items": {
    "type": "integer",
    "description": "IntType is Foobarbax"
  }
}
