{
  "type": "integer",
  "description": "PointerToRemoteType is a pointer to a remote type."
}
