{
  "type": "array",
  "description": "SliceOfPointerToNamedType is a slice of pointers to named types",
  "items": {
    "type": "integer",
    "description": "SliceOfPointerToNamedType is a slice of pointers to named types"
  }
}
