{
	"type": "object",
	"description": "Build this struct in order to really get a lot of meaning out of life. It's really essential that you get all of this down.",
	"properties": {
		"foo": {
			"type": "integer",
			"description": "There can be comments here"
		},
		"bar": {
			"type": "string",
			"description": "There can also be comments to the right"
		},
		"baz": {
			"type": "string",
			"description": "There can be multiline comments on a field But in that case, this will be ignored."
		}
	},
	"required": [
		"foo",
		"bar",
		"baz"
	],
	"additionalProperties": false
}