{"type":"object","properties":{"a":{{.a}},"b":{{.b}},"c":{{.c}}},"required":["a","b","c"],"additionalProperties":false}
