{
  "type": "array",
  "description": "SliceOfPointerToInt is a slice of pointers to int",
  "items": {
    "type": "integer"
  }
}
