{
  "type": "string",
  "description": "StringTypeInSharedDecl is foobarbaz"
}
