// Code generated by github.com/tylergannon/go-gen-jsonschema; DO NOT EDIT.
package testapp1

import (
	"embed"
)

//go:embed jsonschema
var __jsonschemaImports embed.FS

func (SimpleStruct) Schema() ([]byte, error) {
	return __jsonschemaImports.ReadFile("jsonschema/SimpleStruct.json")
}
